// Jest Snapshot v1, https://goo.gl/fbAQLP

exports[`Reset password component should render without errors 1`] = `ShallowWrapper {}`;
