// Jest Snapshot v1, https://goo.gl/fbAQLP

exports[`SignUp component should render without errors 1`] = `ShallowWrapper {}`;
